[backblue.gif]
[fade.gif]
[index.html]
[robertzou.com/wp-content/plugins/litespeed-cache/assets/js/webfontloader.min.js]
[robertzou.com/wp-content/litespeed/cssjs/0b13ba7b1.css]
[robertzou.com/wp-content/litespeed/cssjs/f4f342876.css]
[robertzou.com/wp-content/litespeed/cssjs/31ebb50bb.css]
[robertzou.com/wp-content/litespeed/cssjs/70d7f0780.css]
[robertzou.com/wp-content/litespeed/cssjs/46a9f6ca0.css]
[robertzou.com/wp-content/litespeed/cssjs/fa763e602.css]
[robertzou.com/wp-content/litespeed/cssjs/d01065322.css]
[robertzou.com/wp-content/uploads/2021/08/rachel-park-hrlvr2ZlUNk-unsplash-1-scaled-e1625508814624-1.webp]
[robertzou.com/wp-content/litespeed/cssjs/74c616725.css]
[robertzou.com/wp-content/litespeed/cssjs/92feadb21.css]
[robertzou.com/feed/index.html]
[robertzou.com/comments/feed/index.html]
[robertzou.com/wp-json/oembed/1.0/embed744c.json]
[robertzou.com/wp-json/oembed/1.0/embedde87]
[robertzou.com/wp-content/uploads/2021/08/cropped-rachel-park-hrlvr2ZlUNk-unsplash-1-scaled-1-150x150.jpg]
[robertzou.com/wp-content/uploads/2021/08/cropped-rachel-park-hrlvr2ZlUNk-unsplash-1-scaled-1-300x300.jpg]
[robertzou.com/wp-content/uploads/2021/08/Robert_Zou__2_-removebg-preview-1.webp]
[robertzou.com/wp-content/uploads/2021/08/cropped-Robert_Zou__1_-removebg-preview.webp]
[robertzou.com/wp-content/uploads/2021/08/So-delicious-1.png]
[robertzou.com/wp-content/uploads/2021/08/Untitled-Design-4-e1617472681890.png]
[robertzou.com/wp-content/uploads/2021/08/Untitled-design-1-360x255-1.png]
[robertzou.com/wp-content/uploads/2021/08/Only-2-Minutes-1-2.png]
[robertzou.com/wp-content/uploads/2020/12/pound-1-768x432.jpg]
[robertzou.com/wp-content/uploads/2021/01/Pastel-Pink-and-Yellow-Meal-Photo-Food-Collection-YouTube-Thumbnail-1-768x432.jpg]
[robertzou.com/about/index.html]
[robertzou.com/privacy-policy/index.html]
[robertzou.com/terms-and-conditions/index.html]
[robertzou.com/categories/index.html]
[robertzou.com/category/uncategorized/index.html]
[robertzou.com/category/desserts/index.html]
[robertzou.com/category/bakery-goods/index.html]
[robertzou.com/category/misc/index.html]
[robertzou.com/products-pending/index.html]
[robertzou.com/all-posts/index.html]
[robertzou.com/muffin-recipe/index.html]
[robertzou.com/custard-pudding/index.html]
[robertzou.com/baked-salmon-recipe/index.html]
[robertzou.com/wp-content/litespeed/cssjs/35a5d56f9.css]
[robertzou.com/wp-content/litespeed/cssjs/1b136f609.js]
[robertzou.com/wp-content/litespeed/cssjs/6448b352a.js]
[robertzou.com/wp-content/litespeed/cssjs/370212b72.js]
[robertzou.com/wp-content/litespeed/cssjs/b2d6aaff6.js]
[robertzou.com/wp-content/litespeed/cssjs/4d703220e.js]
[www.google.com/recaptcha/api124a.js]
[robertzou.com/chocolate-mug-cake-recipe/index.html]
[robertzou.com/index.html]
[robertzou.com/wp-content/litespeed/cssjs/0b13ba7b1.css]
[robertzou.com/wp-content/litespeed/cssjs/f4f342876.css]
[robertzou.com/wp-content/litespeed/cssjs/31ebb50bb.css]
[robertzou.com/wp-content/litespeed/cssjs/70d7f0780.css]
[robertzou.com/wp-content/litespeed/cssjs/46a9f6ca0.css]
[robertzou.com/wp-content/litespeed/cssjs/fa763e602.css]
[robertzou.com/wp-content/litespeed/cssjs/d01065322.css]
[robertzou.com/wp-content/litespeed/cssjs/74c616725.css]
[robertzou.com/wp-content/litespeed/cssjs/92feadb21.css]
[robertzou.com/delicious-and-fluffy-mug-donut-recipe/index.html]
[robertzou.com/rich-pound-cake-recipe/index.html]
[robertzou.com/wp-content/uploads/2021/08/rachel-park-hrlvr2ZlUNk-unsplash-1-scaled-e1625508814624.23.delayed]
[robertzou.com/wp-json/oembed/1.0/embedbc10.json]
[robertzou.com/wp-json/oembed/1.0/embed8563]
[robertzou.com/about/index.html]
[robertzou.com/wp-json/oembed/1.0/embeda5f6.json]
[robertzou.com/privacy-policy/feed/index.html]
[robertzou.com/wp-json/oembed/1.0/embedefea]
[robertzou.com/privacy-policy/index.html]
[robertzou.com/wp-json/oembed/1.0/embedaba8.json]
[robertzou.com/wp-json/oembed/1.0/embed57a5]
[robertzou.com/terms-and-conditions/index.html]
[robertzou.com/wp-json/oembed/1.0/embed9e6c.json]
[robertzou.com/wp-json/oembed/1.0/embed7d7e]
[robertzou.com/categories/index.html]
[robertzou.com/category/uncategorized/feed/index.html]
[robertzou.com/category/uncategorized/index.html]
[robertzou.com/category/desserts/index.html]
[robertzou.com/category/uncategorized/page/2/index.html]
[robertzou.com/category/bakery-goods/index.html]
[robertzou.com/category/desserts/feed/index.html]
[robertzou.com/category/bakery-goods/feed/index.html]
[robertzou.com/category/misc/feed/index.html]
[robertzou.com/category/misc/index.html]
[robertzou.com/buttermilk-substitute-recipe/index.html]
[robertzou.com/wp-json/oembed/1.0/embed1ed6.json]
[robertzou.com/wp-json/oembed/1.0/embed85ca]
[app.ecwid.com/script0332.js]
[robertzou.com/products-pending/index.html]
[robertzou.com/all-posts/index.html]
[app.ecwid.com/script73ec.js]
[robertzou.com/wp-content/litespeed/cssjs/3ed6b0902.css]
[robertzou.com/wp-content/litespeed/cssjs/1d14d7908.css]
[robertzou.com/wp-content/litespeed/cssjs/f84f9866e.css]
[robertzou.com/muffin-recipe/feed/index.html]
[robertzou.com/all-posts/page/2/index.html]
[robertzou.com/wp-json/oembed/1.0/embed7256.json]
[robertzou.com/wp-json/oembed/1.0/embedc07d]
[robertzou.com/wp-content/litespeed/cssjs/b604a448b.js]
[robertzou.com/wp-content/litespeed/cssjs/b8c8d81d2.js]
[robertzou.com/wp-content/litespeed/cssjs/139298e3d.js]
[robertzou.com/muffin-recipe/index.html]
[robertzou.com/tag/featured/index.html]
[robertzou.com/wp-json/oembed/1.0/embed35e5.json]
[robertzou.com/custard-pudding/feed/index.html]
[robertzou.com/wp-json/oembed/1.0/embed347e]
[robertzou.com/tag/creamy/index.html]
[robertzou.com/tag/custard-pudding/index.html]
[robertzou.com/tag/delicious-and-easy/index.html]
[robertzou.com/custard-pudding/index.html]
[robertzou.com/tag/eggy-pudding/index.html]
[robertzou.com/tag/pudding/index.html]
[robertzou.com/wp-json/oembed/1.0/embedd911.json]
[robertzou.com/baked-salmon-recipe/feed/index.html]
[robertzou.com/tag/smooth/index.html]
[robertzou.com/wp-json/oembed/1.0/embeda04f]
[robertzou.com/wp-content/uploads/2021/08/Untitled-2Bdesign.png]
[robertzou.com/wp-content/uploads/2021/08/Untitled-2Bdesign-300x225.png]
[robertzou.com/wp-content/uploads/2021/08/Untitled-2Bdesign-2B-25281-2529.png]
[robertzou.com/wp-content/uploads/2021/08/Untitled-2Bdesign-2B-25281-2529-300x225.png]
[robertzou.com/wp-content/litespeed/avatar/5a890dc520676d4421ac854a4d28e88a.jpg]
[robertzou.com/baked-salmon-recipe/index.html]
[robertzou.com/wp-json/oembed/1.0/embed3441.json]
[robertzou.com/chocolate-mug-cake-recipe/feed/index.html]
[robertzou.com/wp-json/oembed/1.0/embed3a78]
[robertzou.com/wp-content/uploads/2020/12/Untitled-2Bdesign-2B-25287-2529.png]
[robertzou.com/wp-content/uploads/2020/12/Untitled-2Bdesign-2B-25287-2529-300x225.png]
[robertzou.com/wp-content/uploads/2021/08/Untitled-2Bdesign-2B-25288-2529.png]
[robertzou.com/wp-content/uploads/2021/08/Untitled-2Bdesign-2B-25288-2529-300x225.png]
[robertzou.com/chocolate-mug-cake-recipe/index.html]
[robertzou.com/rich-pound-cake-recipe/feed/index.html]
[robertzou.com/wp-json/oembed/1.0/embeda5b9.json]
[robertzou.com/wp-json/oembed/1.0/embedccca]
[robertzou.com/wp-content/uploads/2020/12/pound-1.jpg]
[robertzou.com/rich-pound-cake-recipe/index.html]
[robertzou.com/wp-json/oembed/1.0/embed04ce.json]
[robertzou.com/delicious-and-fluffy-mug-donut-recipe/feed/index.html]
[robertzou.com/wp-json/oembed/1.0/embed2b6f]
[robertzou.com/wp-content/uploads/2021/01/Pastel-Pink-and-Yellow-Meal-Photo-Food-Collection-YouTube-Thumbnail-1.jpg]
[robertzou.com/wp-content/litespeed/avatar/da1ed881b645a4010f39d8eb1fcce480.jpg]
[robertzou.com/delicious-and-fluffy-mug-donut-recipe/index.html]
[robertzou.com/wp-content/litespeed/cssjs/35a5d56f9.css]
[robertzou.com/wp-content/uploads/2021/08/rachel-park-hrlvr2ZlUNk-unsplash-1-scaled-e1625508814624.html]
[robertzou.com/category/uncategorized/page/2/index.html]
[robertzou.com/author/robertzo/index.html]
[robertzou.com/wp-json/oembed/1.0/embed1df1.json]
[robertzou.com/buttermilk-substitute-recipe/feed/index.html]
[robertzou.com/buttermilk-substitute-recipe/index.html]
[robertzou.com/all-posts/page/2/index.html]
[robertzou.com/wp-content/litespeed/cssjs/3ed6b0902.css]
[robertzou.com/wp-content/litespeed/cssjs/1d14d7908.css]
[robertzou.com/wp-content/litespeed/cssjs/f84f9866e.css]
[robertzou.com/tag/featured/index.html]
[robertzou.com/wp-json/oembed/1.0/embed209e]
[robertzou.com/tag/creamy/index.html]
[robertzou.com/tag/custard-pudding/index.html]
[robertzou.com/tag/custard-pudding/feed/index.html]
[robertzou.com/tag/creamy/feed/index.html]
[robertzou.com/tag/featured/feed/index.html]
[robertzou.com/tag/delicious-and-easy/feed/index.html]
[robertzou.com/tag/delicious-and-easy/index.html]
[robertzou.com/tag/eggy-pudding/index.html]
[robertzou.com/tag/pudding/index.html]
[robertzou.com/tag/smooth/index.html]
[robertzou.com/tag/eggy-pudding/feed/index.html]
[robertzou.com/tag/pudding/feed/index.html]
[robertzou.com/tag/smooth/feed/index.html]
